Running model evaluate on the testing data
loss: 0.1447
accuracy_0: 0.8333
accuracy_1: 1.0000
accuracy_2: 1.0000
accuracy_3: 1.0000
accuracy_4: 0.7500
accuracy_5: 1.0000
accuracy_6: 1.0000
accuracy_7: 1.0000
accuracy_8: 1.0000
accuracy_9: 0.8958
accuracy_10: 0.9375
Average_accuracy: 0.9470
precision_0: 1.0000
precision_1: 0.0000
precision_2: 1.0000
precision_3: 0.0000
precision_4: 1.0000
precision_5: 0.0000
precision_6: 0.0000
precision_7: 0.0000
precision_8: 0.0000
precision_9: 1.0000
precision_10: 0.9348
Average_precision: 0.4486
recall_0: 0.8333
recall_1: 0.0000
recall_2: 1.0000
recall_3: 0.0000
recall_4: 0.7500
recall_5: 0.0000
recall_6: 0.0000
recall_7: 0.0000
recall_8: 0.0000
recall_9: 0.8958
recall_10: 1.0000
Average_recall: 0.4072
f1_score_0: 0.9091
f1_score_1: 0.0000
f1_score_2: 1.0000
f1_score_3: 0.0000
f1_score_4: 0.8571
f1_score_5: 0.0000
f1_score_6: 0.0000
f1_score_7: 0.0000
f1_score_8: 0.0000
f1_score_9: 0.9451
f1_score_10: 0.9663
Average_f1_score: 0.4252
informedness_0: -0.1667
informedness_1: 0.0000
informedness_2: 0.0000
informedness_3: 0.0000
informedness_4: -0.2500
informedness_5: 0.0000
informedness_6: 0.0000
informedness_7: 0.0000
informedness_8: 0.0000
informedness_9: -0.1042
informedness_10: 0.4000
Average_informedness: -0.0110
markedness_0: 0.0000
markedness_1: 0.0000
markedness_2: 0.0000
markedness_3: 0.0000
markedness_4: 0.0000
markedness_5: 0.0000
markedness_6: 0.0000
markedness_7: 0.0000
markedness_8: 0.0000
markedness_9: 0.0000
markedness_10: 0.9348
Average_markedness: 0.0850
mcc_0: 0.0000
mcc_1: 0.0000
mcc_2: 0.0000
mcc_3: 0.0000
mcc_4: 0.0000
mcc_5: 0.0000
mcc_6: 0.0000
mcc_7: 0.0000
mcc_8: 0.0000
mcc_9: 0.0000
mcc_10: 0.6115
Average_mcc: 0.0556
cohen_kappa_0: 0.0000
cohen_kappa_1: 0.0000
cohen_kappa_2: 0.0000
cohen_kappa_3: 0.0000
cohen_kappa_4: 0.0000
cohen_kappa_5: 0.0000
cohen_kappa_6: 0.0000
cohen_kappa_7: 0.0000
cohen_kappa_8: 0.0000
cohen_kappa_9: 0.0000
cohen_kappa_10: 0.5443
Average_cohen_kappa: 0.0495
AUC_PR: 0.4541
AUC_ROC: 0.0869
Inference time: 0.10200023651123047 seconds
